// Jest Snapshot v1, https://goo.gl/fbAQLP

exports[`Link to JobCategories test 1`] = `
Array [
  "  ",
  <a
    href="/localhost:3000/"
    onClick={[Function]}
  >
    Home 
  </a>,
  " ",
]
`;
